This is pdfTeX, Version 3.141592653-2.6-1.40.29 (MiKTeX 26.5) (preloaded format=pdflatex.fmt)
 restricted \write18 enabled.
entering extended mode
(manuscript.tex
LaTeX2e <2026-06-01>
L3 programming layer <2026-06-18>
(E:\Dev\Apps\MiKTeX\tex/latex/base\article.cls
Document Class: article 2025/01/22 v1.4n Standard LaTeX document class
(E:\Dev\Apps\MiKTeX\tex/latex/base\size12.clo)) (preamble.tex
(E:\Dev\Apps\MiKTeX\tex/latex/base\fontenc.sty)
(E:\Dev\Apps\MiKTeX\tex/latex/base\inputenc.sty)
(E:\Dev\Apps\MiKTeX\tex/latex/lm\lmodern.sty)
(E:\Dev\Apps\MiKTeX\tex/latex/microtype\microtype.sty
(E:\Dev\Apps\MiKTeX\tex/latex/graphics\keyval.sty)
(E:\Dev\Apps\MiKTeX\tex/latex/etoolbox\etoolbox.sty)
(E:\Dev\Apps\MiKTeX\tex/latex/microtype\microtype-pdftex.def)
(E:\Dev\Apps\MiKTeX\tex/latex/microtype\microtype.cfg))
(E:\Dev\Apps\MiKTeX\tex/latex/geometry\geometry.sty
(E:\Dev\Apps\MiKTeX\tex/generic/iftex\ifvtex.sty
(E:\Dev\Apps\MiKTeX\tex/generic/iftex\iftex.sty))
(E:\Dev\Apps\MiKTeX\tex/latex/geometry\geometry.cfg))
(E:\Dev\Apps\MiKTeX\tex/latex/amsmath\amsmath.sty
For additional information on amsmath, use the `?' option.
(E:\Dev\Apps\MiKTeX\tex/latex/amsmath\amstext.sty
(E:\Dev\Apps\MiKTeX\tex/latex/amsmath\amsgen.sty))
(E:\Dev\Apps\MiKTeX\tex/latex/amsmath\amsbsy.sty)
(E:\Dev\Apps\MiKTeX\tex/latex/amsmath\amsopn.sty))
(E:\Dev\Apps\MiKTeX\tex/latex/amsfonts\amssymb.sty
(E:\Dev\Apps\MiKTeX\tex/latex/amsfonts\amsfonts.sty))
(E:\Dev\Apps\MiKTeX\tex/latex/amscls\amsthm.sty)
(E:\Dev\Apps\MiKTeX\tex/latex/tools\bm.sty)
(E:\Dev\Apps\MiKTeX\tex/latex/mathtools\mathtools.sty
(E:\Dev\Apps\MiKTeX\tex/latex/tools\calc.sty)
(E:\Dev\Apps\MiKTeX\tex/latex/mathtools\mhsetup.sty))
(E:\Dev\Apps\MiKTeX\tex/latex/graphics\graphicx.sty
(E:\Dev\Apps\MiKTeX\tex/latex/graphics\graphics.sty
(E:\Dev\Apps\MiKTeX\tex/latex/graphics\trig.sty)
(E:\Dev\Apps\MiKTeX\tex/latex/graphics-cfg\graphics.cfg)
(E:\Dev\Apps\MiKTeX\tex/latex/graphics-def\pdftex.def)))
(E:\Dev\Apps\MiKTeX\tex/latex/booktabs\booktabs.sty)
(E:\Dev\Apps\MiKTeX\tex/latex/tools\array.sty)
(E:\Dev\Apps\MiKTeX\tex/latex/tools\longtable.sty)
(E:\Dev\Apps\MiKTeX\tex/latex/natbib\natbib.sty)
(E:\Dev\Apps\MiKTeX\tex/latex/setspace\setspace.sty)
(E:\Dev\Apps\MiKTeX\tex/latex/hyperref\hyperref.sty
(E:\Dev\Apps\MiKTeX\tex/latex/kvsetkeys\kvsetkeys.sty)
(E:\Dev\Apps\MiKTeX\tex/generic/kvdefinekeys\kvdefinekeys.sty)
(E:\Dev\Apps\MiKTeX\tex/generic/pdfescape\pdfescape.sty
(E:\Dev\Apps\MiKTeX\tex/generic/ltxcmds\ltxcmds.sty)
(E:\Dev\Apps\MiKTeX\tex/generic/pdftexcmds\pdftexcmds.sty
(E:\Dev\Apps\MiKTeX\tex/generic/infwarerr\infwarerr.sty)))
(E:\Dev\Apps\MiKTeX\tex/latex/hycolor\hycolor.sty)
(E:\Dev\Apps\MiKTeX\tex/latex/hyperref\nameref.sty
(E:\Dev\Apps\MiKTeX\tex/latex/refcount\refcount.sty)
(E:\Dev\Apps\MiKTeX\tex/generic/gettitlestring\gettitlestring.sty
(E:\Dev\Apps\MiKTeX\tex/latex/kvoptions\kvoptions.sty)))
(E:\Dev\Apps\MiKTeX\tex/generic/stringenc\stringenc.sty)
(E:\Dev\Apps\MiKTeX\tex/latex/hyperref\pd1enc.def)
(E:\Dev\Apps\MiKTeX\tex/generic/intcalc\intcalc.sty)
(E:\Dev\Apps\MiKTeX\tex/latex/hyperref\puenc.def)
(E:\Dev\Apps\MiKTeX\tex/latex/url\url.sty)
(E:\Dev\Apps\MiKTeX\tex/generic/bitset\bitset.sty
(E:\Dev\Apps\MiKTeX\tex/generic/bigintcalc\bigintcalc.sty)))
(E:\Dev\Apps\MiKTeX\tex/latex/hyperref\hpdftex.def
(E:\Dev\Apps\MiKTeX\tex/latex/rerunfilecheck\rerunfilecheck.sty
(E:\Dev\Apps\MiKTeX\tex/generic/uniquecounter\uniquecounter.sty)))
(E:\Dev\Apps\MiKTeX\tex/latex/xurl\xurl.sty)
(E:\Dev\Apps\MiKTeX\tex/latex/caption\caption.sty
(E:\Dev\Apps\MiKTeX\tex/latex/caption\caption3.sty)
(E:\Dev\Apps\MiKTeX\tex/latex/caption\ltcaption.sty))) (results_macros.tex)
(E:\Dev\Apps\MiKTeX\tex/latex/lm\t1lmr.fd)
(E:\Dev\Apps\MiKTeX\tex/latex/l3backend\l3backend-pdftex.def) (manuscript.aux)
(E:\Dev\Apps\MiKTeX\tex/latex/microtype\mt-cmr.cfg)
*geometry* driver: auto-detecting
*geometry* detected driver: pdftex
(E:\Dev\Apps\MiKTeX\tex/context/base/mkii\supp-pdf.mkii
[Loading MPS to PDF converter (version 2006.09.02).]
) (E:\Dev\Apps\MiKTeX\tex/latex/epstopdf-pkg\epstopdf-base.sty
(E:\Dev\Apps\MiKTeX\tex/latex/00miktex\epstopdf-sys.cfg)) (manuscript.out)
(manuscript.out) (E:\Dev\Apps\MiKTeX\tex/latex/lm\ot1lmr.fd)
(E:\Dev\Apps\MiKTeX\tex/latex/lm\omllmm.fd)
(E:\Dev\Apps\MiKTeX\tex/latex/lm\omslmsy.fd)
(E:\Dev\Apps\MiKTeX\tex/latex/lm\omxlmex.fd)
(E:\Dev\Apps\MiKTeX\tex/latex/amsfonts\umsa.fd)
(E:\Dev\Apps\MiKTeX\tex/latex/microtype\mt-msa.cfg)
(E:\Dev\Apps\MiKTeX\tex/latex/amsfonts\umsb.fd)
(E:\Dev\Apps\MiKTeX\tex/latex/microtype\mt-msb.cfg) (01_introduction.tex
[1{E:/Dev/Data/MiKTeX/fonts/map/pdftex/pdftex.map}{E:/Dev/Apps/MiKTeX/fonts/enc
/dvips/lm/lm-ec.enc}] [2{E:/Dev/Apps/MiKTeX/fonts/enc/dvips/lm/lm-mathsy.enc}{E
:/Dev/Apps/MiKTeX/fonts/enc/dvips/lm/lm-rm.enc}{E:/Dev/Apps/MiKTeX/fonts/enc/dv
ips/lm/lm-mathit.enc}] [3] [4]) (02_method.tex [5] [6{E:/Dev/Apps/MiKTeX/fonts/
enc/dvips/lm/lm-mathex.enc}] (figure_separation_v2.tex) [7 <../figures/figure1_
separation.pdf>] [8]) (03_theory.tex [9] [10] [11] [12] [13])
(04_simulation.tex [14] [15] (figure_simulation_v2.tex

pdfTeX warning: pdflatex.exe (file ../figures/v2/figure2_simulation_comparison.
pdf): PDF inclusion: found PDF version <1.7>, but at most version <1.5> allowed

) [16] [17 <../figures/v2/figure2_simulation_comparison.pdf>]
(figure_validation_v3.tex

pdfTeX warning: pdflatex.exe (file ../figures/v3/validation.pdf): PDF inclusion
: found PDF version <1.7>, but at most version <1.5> allowed
) [18 <../figures/v3/validation.pdf>] (figure_binary_v2.tex

pdfTeX warning: pdflatex.exe (file ../figures/v2/figure3_binary_certification.p
df): PDF inclusion: found PDF version <1.7>, but at most version <1.5> allowed
)) (05_application.tex [19 <../figures/v2/figure3_binary_certification.pdf>]
[20] [21] (figure_epa_science_v2.tex) [22] [23 <../figures/figure2_epa_discrepa
ncy.pdf>] [24] (figure_epa_budget_v3.tex

pdfTeX warning: pdflatex.exe (file ../figures/v3/epa_budget_full.pdf): PDF incl
usion: found PDF version <1.7>, but at most version <1.5> allowed
) [25 <../figures/v3/epa_budget_full.pdf>]) (06_discussion.tex [26]
(E:\Dev\Apps\MiKTeX\tex/latex/lm\t1lmtt.fd) [27]) (manuscript.bbl [28] [29]
[30] [31] [32]) [33] (tables_and_figures.tex) [34] (manuscript.aux) )<E:/Dev/Ap
ps/MiKTeX/fonts/type1/public/lm/lmbx10.pfb><E:/Dev/Apps/MiKTeX/fonts/type1/publ
ic/lm/lmbx12.pfb><E:/Dev/Apps/MiKTeX/fonts/type1/public/lm/lmex10.pfb><E:/Dev/A
pps/MiKTeX/fonts/type1/public/lm/lmmi12.pfb><E:/Dev/Apps/MiKTeX/fonts/type1/pub
lic/lm/lmmi6.pfb><E:/Dev/Apps/MiKTeX/fonts/type1/public/lm/lmmi8.pfb><E:/Dev/Ap
ps/MiKTeX/fonts/type1/public/lm/lmr12.pfb><E:/Dev/Apps/MiKTeX/fonts/type1/publi
c/lm/lmr8.pfb><E:/Dev/Apps/MiKTeX/fonts/type1/public/lm/lmri12.pfb><E:/Dev/Apps
/MiKTeX/fonts/type1/public/lm/lmsy10.pfb><E:/Dev/Apps/MiKTeX/fonts/type1/public
/lm/lmsy6.pfb><E:/Dev/Apps/MiKTeX/fonts/type1/public/lm/lmsy8.pfb><E:/Dev/Apps/
MiKTeX/fonts/type1/public/lm/lmtt12.pfb><E:/Dev/Apps/MiKTeX/fonts/type1/public/
amsfonts/symbols/msbm10.pfb>
Output written on manuscript.pdf (34 pages, 570677 bytes).
Transcript written on manuscript.log.
