This is pdfTeX, Version 3.141592653-2.6-1.40.29 (MiKTeX 26.5) (preloaded format=pdflatex.fmt)
 restricted \write18 enabled.
entering extended mode
(supplement.tex
LaTeX2e <2026-06-01>
L3 programming layer <2026-06-18>
(E:\Dev\Apps\MiKTeX\tex/latex/base\article.cls
Document Class: article 2025/01/22 v1.4n Standard LaTeX document class
(E:\Dev\Apps\MiKTeX\tex/latex/base\size12.clo)) (preamble.tex
(E:\Dev\Apps\MiKTeX\tex/latex/base\fontenc.sty)
(E:\Dev\Apps\MiKTeX\tex/latex/base\inputenc.sty)
(E:\Dev\Apps\MiKTeX\tex/latex/lm\lmodern.sty)
(E:\Dev\Apps\MiKTeX\tex/latex/microtype\microtype.sty
(E:\Dev\Apps\MiKTeX\tex/latex/graphics\keyval.sty)
(E:\Dev\Apps\MiKTeX\tex/latex/etoolbox\etoolbox.sty)
(E:\Dev\Apps\MiKTeX\tex/latex/microtype\microtype-pdftex.def)
(E:\Dev\Apps\MiKTeX\tex/latex/microtype\microtype.cfg))
(E:\Dev\Apps\MiKTeX\tex/latex/geometry\geometry.sty
(E:\Dev\Apps\MiKTeX\tex/generic/iftex\ifvtex.sty
(E:\Dev\Apps\MiKTeX\tex/generic/iftex\iftex.sty))
(E:\Dev\Apps\MiKTeX\tex/latex/geometry\geometry.cfg))
(E:\Dev\Apps\MiKTeX\tex/latex/amsmath\amsmath.sty
For additional information on amsmath, use the `?' option.
(E:\Dev\Apps\MiKTeX\tex/latex/amsmath\amstext.sty
(E:\Dev\Apps\MiKTeX\tex/latex/amsmath\amsgen.sty))
(E:\Dev\Apps\MiKTeX\tex/latex/amsmath\amsbsy.sty)
(E:\Dev\Apps\MiKTeX\tex/latex/amsmath\amsopn.sty))
(E:\Dev\Apps\MiKTeX\tex/latex/amsfonts\amssymb.sty
(E:\Dev\Apps\MiKTeX\tex/latex/amsfonts\amsfonts.sty))
(E:\Dev\Apps\MiKTeX\tex/latex/amscls\amsthm.sty)
(E:\Dev\Apps\MiKTeX\tex/latex/tools\bm.sty)
(E:\Dev\Apps\MiKTeX\tex/latex/mathtools\mathtools.sty
(E:\Dev\Apps\MiKTeX\tex/latex/tools\calc.sty)
(E:\Dev\Apps\MiKTeX\tex/latex/mathtools\mhsetup.sty))
(E:\Dev\Apps\MiKTeX\tex/latex/graphics\graphicx.sty
(E:\Dev\Apps\MiKTeX\tex/latex/graphics\graphics.sty
(E:\Dev\Apps\MiKTeX\tex/latex/graphics\trig.sty)
(E:\Dev\Apps\MiKTeX\tex/latex/graphics-cfg\graphics.cfg)
(E:\Dev\Apps\MiKTeX\tex/latex/graphics-def\pdftex.def)))
(E:\Dev\Apps\MiKTeX\tex/latex/booktabs\booktabs.sty)
(E:\Dev\Apps\MiKTeX\tex/latex/tools\array.sty)
(E:\Dev\Apps\MiKTeX\tex/latex/tools\longtable.sty)
(E:\Dev\Apps\MiKTeX\tex/latex/natbib\natbib.sty)
(E:\Dev\Apps\MiKTeX\tex/latex/setspace\setspace.sty)
(E:\Dev\Apps\MiKTeX\tex/latex/hyperref\hyperref.sty
(E:\Dev\Apps\MiKTeX\tex/latex/kvsetkeys\kvsetkeys.sty)
(E:\Dev\Apps\MiKTeX\tex/generic/kvdefinekeys\kvdefinekeys.sty)
(E:\Dev\Apps\MiKTeX\tex/generic/pdfescape\pdfescape.sty
(E:\Dev\Apps\MiKTeX\tex/generic/ltxcmds\ltxcmds.sty)
(E:\Dev\Apps\MiKTeX\tex/generic/pdftexcmds\pdftexcmds.sty
(E:\Dev\Apps\MiKTeX\tex/generic/infwarerr\infwarerr.sty)))
(E:\Dev\Apps\MiKTeX\tex/latex/hycolor\hycolor.sty)
(E:\Dev\Apps\MiKTeX\tex/latex/hyperref\nameref.sty
(E:\Dev\Apps\MiKTeX\tex/latex/refcount\refcount.sty)
(E:\Dev\Apps\MiKTeX\tex/generic/gettitlestring\gettitlestring.sty
(E:\Dev\Apps\MiKTeX\tex/latex/kvoptions\kvoptions.sty)))
(E:\Dev\Apps\MiKTeX\tex/generic/stringenc\stringenc.sty)
(E:\Dev\Apps\MiKTeX\tex/latex/hyperref\pd1enc.def)
(E:\Dev\Apps\MiKTeX\tex/generic/intcalc\intcalc.sty)
(E:\Dev\Apps\MiKTeX\tex/latex/hyperref\puenc.def)
(E:\Dev\Apps\MiKTeX\tex/latex/url\url.sty)
(E:\Dev\Apps\MiKTeX\tex/generic/bitset\bitset.sty
(E:\Dev\Apps\MiKTeX\tex/generic/bigintcalc\bigintcalc.sty)))
(E:\Dev\Apps\MiKTeX\tex/latex/hyperref\hpdftex.def
(E:\Dev\Apps\MiKTeX\tex/latex/rerunfilecheck\rerunfilecheck.sty
(E:\Dev\Apps\MiKTeX\tex/generic/uniquecounter\uniquecounter.sty)))
(E:\Dev\Apps\MiKTeX\tex/latex/xurl\xurl.sty)
(E:\Dev\Apps\MiKTeX\tex/latex/caption\caption.sty
(E:\Dev\Apps\MiKTeX\tex/latex/caption\caption3.sty)
(E:\Dev\Apps\MiKTeX\tex/latex/caption\ltcaption.sty))) (results_macros.tex)
(E:\Dev\Apps\MiKTeX\tex/latex/lm\t1lmr.fd)
(E:\Dev\Apps\MiKTeX\tex/latex/l3backend\l3backend-pdftex.def) (supplement.aux)
(E:\Dev\Apps\MiKTeX\tex/latex/microtype\mt-cmr.cfg)
*geometry* driver: auto-detecting
*geometry* detected driver: pdftex
(E:\Dev\Apps\MiKTeX\tex/context/base/mkii\supp-pdf.mkii
[Loading MPS to PDF converter (version 2006.09.02).]
) (E:\Dev\Apps\MiKTeX\tex/latex/epstopdf-pkg\epstopdf-base.sty
(E:\Dev\Apps\MiKTeX\tex/latex/00miktex\epstopdf-sys.cfg)) (supplement.out)
(supplement.out) (supplement.toc (E:\Dev\Apps\MiKTeX\tex/latex/lm\ot1lmr.fd)
(E:\Dev\Apps\MiKTeX\tex/latex/lm\omllmm.fd)
(E:\Dev\Apps\MiKTeX\tex/latex/lm\omslmsy.fd)
(E:\Dev\Apps\MiKTeX\tex/latex/lm\omxlmex.fd)
(E:\Dev\Apps\MiKTeX\tex/latex/amsfonts\umsa.fd)
(E:\Dev\Apps\MiKTeX\tex/latex/microtype\mt-msa.cfg)
(E:\Dev\Apps\MiKTeX\tex/latex/amsfonts\umsb.fd)
(E:\Dev\Apps\MiKTeX\tex/latex/microtype\mt-msb.cfg) [1{E:/Dev/Data/MiKTeX/fonts
/map/pdftex/pdftex.map}{E:/Dev/Apps/MiKTeX/fonts/enc/dvips/lm/lm-ec.enc}])
(S1_geometry.tex [2] [3{E:/Dev/Apps/MiKTeX/fonts/enc/dvips/lm/lm-mathit.enc}{E:
/Dev/Apps/MiKTeX/fonts/enc/dvips/lm/lm-rm.enc}{E:/Dev/Apps/MiKTeX/fonts/enc/dvi
ps/lm/lm-mathsy.enc}{E:/Dev/Apps/MiKTeX/fonts/enc/dvips/lm/lm-mathex.enc}]
[4]) (S2_covariance_set.tex [5] [6]) (S3_feasible.tex [7] [8] [9] [10] [11]
[12] [13]) (S4_coverage_numerics.tex [14] [15] [16] [17]) (S5_rotation.tex
[18] [19]) (S6_design.tex [20] [21] [22]
(E:\Dev\Apps\MiKTeX\tex/latex/lm\t1lmtt.fd) [23]) (S7_boundary.tex [24 <../figu
res/v2/figure5_epa_intervals.pdf>] [25]) (S8_extensions.tex [26] [27] [28]
[29] [30]) (S9_computation.tex [31] [32] [33] [34] (tableS_simulation.tex
[35] [36] [37]) (tableS_epa.tex [38] [39] [40])) (S10_validation.tex [41]
[42] [43] (S10_results.tex [44] [45] [46] [47] [48] [49] [50] [51]))
(supplement.bbl [52] [53]) [54] (supplement.aux) )<E:/Dev/Apps/MiKTeX/fonts/typ
e1/public/lm/lmbx12.pfb><E:/Dev/Apps/MiKTeX/fonts/type1/public/lm/lmex10.pfb><E
:/Dev/Apps/MiKTeX/fonts/type1/public/lm/lmmi12.pfb><E:/Dev/Apps/MiKTeX/fonts/ty
pe1/public/lm/lmmi6.pfb><E:/Dev/Apps/MiKTeX/fonts/type1/public/lm/lmmi8.pfb><E:
/Dev/Apps/MiKTeX/fonts/type1/public/lm/lmr12.pfb><E:/Dev/Apps/MiKTeX/fonts/type
1/public/lm/lmr17.pfb><E:/Dev/Apps/MiKTeX/fonts/type1/public/lm/lmr8.pfb><E:/De
v/Apps/MiKTeX/fonts/type1/public/lm/lmri12.pfb><E:/Dev/Apps/MiKTeX/fonts/type1/
public/lm/lmsy10.pfb><E:/Dev/Apps/MiKTeX/fonts/type1/public/lm/lmsy8.pfb><E:/De
v/Apps/MiKTeX/fonts/type1/public/lm/lmtt12.pfb><E:/Dev/Apps/MiKTeX/fonts/type1/
public/amsfonts/symbols/msbm10.pfb>
Output written on supplement.pdf (54 pages, 464534 bytes).
Transcript written on supplement.log.
